// Jest Snapshot v1, https://goo.gl/fbAQLP

exports[`Appbar it renders appbar component 1`] = `
<div
  className="appbar-container"
>
  <header
    className="appbar"
    style={
      {
        "marginLeft": "0",
        "width": "100%",
      }
    }
  >
    <div
      className="toolbar"
    >
      <button
        className="icon-button history-button"
        data-tooltip-content="Chats history"
        data-tooltip-id="history"
        onClick={[Function]}
      >
        <img
          alt="History"
          src="test-file-stub"
          style={
            {
              "height": 24,
              "width": 24,
            }
          }
        />
      </button>
      <h1
        className="title"
      >
        STUDYBOT
      </h1>
      <button
        className="icon-button"
        data-tooltip-content="New chat"
        data-tooltip-id="newChat"
        onClick={[Function]}
      >
        <img
          alt="New chat"
          src="test-file-stub"
          style={
            {
              "height": 24,
              "width": 24,
            }
          }
        />
      </button>
      <div
        aria-label="User Dropdown"
        className="name-container"
        onClick={[Function]}
        role="button"
      >
        <h3
          className="name"
          style={
            {
              "padding": "1px",
            }
          }
        />
      </div>
    </div>
  </header>
  <div
    className="sidebar "
  >
    <div
      className="chat-list"
    >
      <p
        style={
          {
            "color": "#888",
            "fontSize": "1rem",
            "marginTop": "15%",
            "textAlign": "center",
          }
        }
      >
        No chats yet.
      </p>
    </div>
  </div>
</div>
`;
